{
  "symbol": "BTC",
  "ts_ns": 1,
  "features": [
    0.1,
    0.2,
    0.0,
    0.3,
    0.1,
    0.0,
    0.2,
    0.1
  ],
  "freshness_ms": 10
}